------------------------------------------------------------
Timing Analyzer Summary
------------------------------------------------------------

Type  : Slow 1200mV 85C Model Setup 'clk'
Slack : -2.818
TNS   : -48.963

Type  : Slow 1200mV 85C Model Setup 'div_frec:inst100|cuenta[24]'
Slack : 0.318
TNS   : 0.000

Type  : Slow 1200mV 85C Model Hold 'div_frec:inst100|cuenta[24]'
Slack : 0.385
TNS   : 0.000

Type  : Slow 1200mV 85C Model Hold 'clk'
Slack : 0.556
TNS   : 0.000

Type  : Slow 1200mV 85C Model Minimum Pulse Width 'clk'
Slack : -3.000
TNS   : -31.000

Type  : Slow 1200mV 85C Model Minimum Pulse Width 'div_frec:inst100|cuenta[24]'
Slack : -1.000
TNS   : -4.000

Type  : Slow 1200mV 0C Model Setup 'clk'
Slack : -2.467
TNS   : -40.801

Type  : Slow 1200mV 0C Model Setup 'div_frec:inst100|cuenta[24]'
Slack : 0.398
TNS   : 0.000

Type  : Slow 1200mV 0C Model Hold 'div_frec:inst100|cuenta[24]'
Slack : 0.341
TNS   : 0.000

Type  : Slow 1200mV 0C Model Hold 'clk'
Slack : 0.501
TNS   : 0.000

Type  : Slow 1200mV 0C Model Minimum Pulse Width 'clk'
Slack : -3.000
TNS   : -31.000

Type  : Slow 1200mV 0C Model Minimum Pulse Width 'div_frec:inst100|cuenta[24]'
Slack : -1.000
TNS   : -4.000

Type  : Fast 1200mV 0C Model Setup 'clk'
Slack : -1.181
TNS   : -16.059

Type  : Fast 1200mV 0C Model Setup 'div_frec:inst100|cuenta[24]'
Slack : 0.626
TNS   : 0.000

Type  : Fast 1200mV 0C Model Hold 'div_frec:inst100|cuenta[24]'
Slack : 0.208
TNS   : 0.000

Type  : Fast 1200mV 0C Model Hold 'clk'
Slack : 0.297
TNS   : 0.000

Type  : Fast 1200mV 0C Model Minimum Pulse Width 'clk'
Slack : -3.000
TNS   : -32.568

Type  : Fast 1200mV 0C Model Minimum Pulse Width 'div_frec:inst100|cuenta[24]'
Slack : -1.000
TNS   : -4.000

------------------------------------------------------------
